
> need-for-speed-2.0@1.0.0 build
> next build

npm : 
At line:1 char:1
+ npm run build > 
build_error.log 2>&1
+ ~~~~~~~~~~~~~~~~~~~~~~~~~~
~~~~~~~~~~
    + CategoryInfo          
    : NotSpecified: (:Stri  
  ng) [], RemoteException
    + FullyQualifiedErrorId 
    : NativeCommandError
 
> Build error occurred
Error: EPERM: operation not 
permitted, rmdir 'C:\Users\r
agha\OneDrive\Desktop\Need 
For Speed 
2.0\.next\diagnostics'
    at ignore-listed frames 
{
  errno: -4048,
  code: 'EPERM',
  syscall: 'rmdir',
  path: 'C:\\Users\\ragha\\O
neDrive\\Desktop\\Need For 
Speed 
2.0\\.next\\diagnostics'
}
